This is a test line.Another test line.